[   34616ms] [ERROR] Client Error: "TypeError: Cannot read properties of null (reading 'match')" thrown at L14:31141 in https://web.archive.org/web/20260618201204js_/https://www.redditstatic.com/reddit-init.en.BddHLmUiRRw.js Message: "Uncaught TypeError: Cannot read properties of null (reading 'match')" {tag: unknown} @ https://web-static.archive.org/_static/js/wombat.js?v=o9P2E1FK:20
[   34623ms] TypeError: Cannot read properties of null (reading 'match')
    at Object.parseTrackingCookie (https://web.archive.org/web/20260618201204js_/https://www.redditstatic.com/reddit-init.en.BddHLmUiRRw.js:14:31141)
    at Object.getLoIdData (https://web.archive.org/web/20260618201204js_/https://www.redditstatic.com/reddit-init.en.BddHLmUiRRw.js:14:30919)
    at Object.getTrackingData (https://web.archive.org/web/20260618201204js_/https://www.redditstatic.com/reddit-init.en.BddHLmUiRRw.js:14:30772)
    at Proxy.<anonymous> (https://web.archive.org/web/20260618201204js_/https://www.redditstatic.com/reddit-init.en.BddHLmUiRRw.js:15:2659)
    at t.Function.call (https://web-static.archive.org/_static/js/wombat.js?v=o9P2E1FK:21:54745)
    at n.call (https://web.archive.org/web/20260618201204js_/https://www.redditstatic.com/reddit-init.en.BddHLmUiRRw.js:14:28176)
    at r.setup (https://web.archive.org/web/20260618201204js_/https://www.redditstatic.com/reddit-init.en.BddHLmUiRRw.js:14:28470)
    at https://web.archive.org/web/20260618201204/https://old.reddit.com/r/germany/about/rules/:15:5994
[   35847ms] [LOG] donation-banner loaded {version: 1.1.1} @ https://archive.org/includes/build/js/donation-banner.min.js?v=b0bb3f51:400
[   35855ms] [LOG] PSA Donation Banner CTA:  [] @ https://archive.org/includes/build/js/donation-banner.min.js?v=b0bb3f51:400
[   35856ms] [LOG] PSA Donation Banner donationOrigin:  {responsiveMode: Mobile, currentWindowWidth: 375, origin: DonateBanner-20260801AugustDeploy-WBJulTestSmallMobile-Mobile} @ https://archive.org/includes/build/js/donation-banner.min.js?v=b0bb3f51:400
[   35857ms] [LOG] got message %o {event: set height, value: 120, bannerHeight: 120} @ https://web-static.archive.org/_static/js/bundle-playback.js?v=2N_sDSC0:1
[   35972ms] [LOG] got message %o {event: set height, value: 120, bannerHeight: 120} @ https://web-static.archive.org/_static/js/bundle-playback.js?v=2N_sDSC0:1
[   36872ms] [LOG] Sent 1 debug logs to server @ https://web.archive.org/web/20260618201204js_/https://www.redditstatic.com/reddit-init.en.BddHLmUiRRw.js:14
[   39036ms] [ERROR] Failed to load resource: the server responded with a status of 404 () @ https://web.archive.org/web/20260618201204/http://web.archive.org/screenshot/https://old.reddit.com/r/germany/about/rules/:0
[   39728ms] [ERROR] Error during reddit-init.js init TypeError: Cannot read properties of null (reading 'match') @ https://web-static.archive.org/_static/js/wombat.js?v=o9P2E1FK:20
[   40341ms] [WARNING] Manifest: property 'url' ignored, should be within scope of the manifest. @ https://web.archive.org/web/20260618201204/https://www.redditstatic.com/desktop2x/img/favicon/manifest.json:0
[   40341ms] [WARNING] Manifest: property 'url' of 'shortcut' not present. @ https://web.archive.org/web/20260618201204/https://www.redditstatic.com/desktop2x/img/favicon/manifest.json:0
[   40341ms] [WARNING] Manifest: property 'url' ignored, should be within scope of the manifest. @ https://web.archive.org/web/20260618201204/https://www.redditstatic.com/desktop2x/img/favicon/manifest.json:0
[   40341ms] [WARNING] Manifest: property 'url' of 'shortcut' not present. @ https://web.archive.org/web/20260618201204/https://www.redditstatic.com/desktop2x/img/favicon/manifest.json:0
[   40341ms] [WARNING] Manifest: property 'url' ignored, should be within scope of the manifest. @ https://web.archive.org/web/20260618201204/https://www.redditstatic.com/desktop2x/img/favicon/manifest.json:0
[   40341ms] [WARNING] Manifest: property 'url' of 'shortcut' not present. @ https://web.archive.org/web/20260618201204/https://www.redditstatic.com/desktop2x/img/favicon/manifest.json:0
[   40341ms] [WARNING] Manifest: property 'url' ignored, should be within scope of the manifest. @ https://web.archive.org/web/20260618201204/https://www.redditstatic.com/desktop2x/img/favicon/manifest.json:0
[   40341ms] [WARNING] Manifest: property 'url' of 'shortcut' not present. @ https://web.archive.org/web/20260618201204/https://www.redditstatic.com/desktop2x/img/favicon/manifest.json:0
[   40341ms] [WARNING] Manifest: property 'url' ignored, should be within scope of the manifest. @ https://web.archive.org/web/20260618201204/https://www.redditstatic.com/desktop2x/img/favicon/manifest.json:0
[   40341ms] [WARNING] Manifest: property 'url' of 'shortcut' not present. @ https://web.archive.org/web/20260618201204/https://www.redditstatic.com/desktop2x/img/favicon/manifest.json:0
[   40341ms] [WARNING] Manifest: property 'url' ignored, should be within scope of the manifest. @ https://web.archive.org/web/20260618201204/https://www.redditstatic.com/desktop2x/img/favicon/manifest.json:0
[   40341ms] [WARNING] Manifest: property 'url' of 'shortcut' not present. @ https://web.archive.org/web/20260618201204/https://www.redditstatic.com/desktop2x/img/favicon/manifest.json:0
[   40909ms] [ERROR] Failed to load resource: the server responded with a status of 403 () @ https://web.archive.org/web/20260618201059/https://www.redditstatic.com/shreddit/assets/pix/ads/1.png:0
[   44564ms] [LOG] Sent 1 debug logs to server @ https://web.archive.org/web/20260618201204js_/https://www.redditstatic.com/reddit-init.en.BddHLmUiRRw.js:14
